// Jest Snapshot v1, https://goo.gl/fbAQLP

exports[`<CreateItem/> Renders and matches snapshot 1`] = `
<form
  className="Form-sc-3ek8g3-0 kxkTjx"
  onSubmit={[Function]}
>
  <DisplayError
    error={Object {}}
  />
  <fieldset
    aria-busy={false}
    disabled={false}
  >
    <label>
      Image
      <input
        name="file"
        onChange={[Function]}
        placeholder="Upload an image"
        required={true}
        type="file"
      />
    </label>
    <label>
      Title
      <input
        id="title"
        name="title"
        onChange={[Function]}
        placeholder="Title"
        required={true}
        type="text"
        value=""
      />
    </label>
    <label>
      Price
      <input
        id="price"
        name="price"
        onChange={[Function]}
        placeholder="Price"
        required={true}
        type="number"
        value={0}
      />
    </label>
    <label>
      Description
      <textarea
        id="description"
        name="description"
        onChange={[Function]}
        placeholder="Enter a Description"
        required={true}
        type="text"
        value=""
      />
    </label>
    <button
      type="submit"
    >
      Submit
    </button>
  </fieldset>
</form>
`;
